// Jest Snapshot v1, https://goo.gl/fbAQLP

exports[`Square It should render correctly in "debug" mode 1`] = `
<div
  className="square undefined"
  onClick={[Function]}
>
  <div
    class="status-container"
  >
    <div
      class="x-shape"
    >
      <div
        class="slash"
      />
      <div
        class="slash"
      />
    </div>
    <div
      class="o-shape"
    />
  </div>
</div>
`;
